// Jest Snapshot v1, https://goo.gl/fbAQLP

exports[`<SuccessPage /> should render 1`] = `
<body>
  <div>
    <div
      class="success-page -mt-24"
    >
      <div
        class="success-page__content mb-24 px-16 pt-24 pb-16 bg-dark-grayish-blue-50"
      >
        <div
          class="success-page__logo mb-8"
        >
          <svg
            aria-hidden="true"
            fill="none"
            height="32"
            role="img"
            viewBox="0 0 33 32"
            width="33"
            xmlns="http://www.w3.org/2000/svg"
          >
            <path
              clip-rule="evenodd"
              d="M16.5 31.75C7.80152 31.75 0.75 24.6985 0.75 16C0.75 7.30152 7.80152 0.25 16.5 0.25C25.1985 0.25 32.25 7.30152 32.25 16C32.25 24.6985 25.1985 31.75 16.5 31.75ZM23.5795 10.7045C23.1402 10.2652 22.4279 10.2652 21.9885 10.7045L14.8125 17.8805C14.3732 18.3199 13.6608 18.3199 13.2215 17.8805L11.108 15.767C10.6687 15.3277 9.95634 15.3277 9.517 15.767C9.07767 16.2063 9.07767 16.9187 9.517 17.358L13.2215 21.0625C13.6608 21.5018 14.3732 21.5018 14.8125 21.0625L23.5795 12.2955C24.0188 11.8562 24.0188 11.1438 23.5795 10.7045Z"
              fill="#31A451"
              fill-rule="evenodd"
            />
          </svg>
        </div>
        <h1
          aria-label="Tu contratacion fue exitosa"
          class="text-title success-page__title mb-4 font-semibold"
        >
          ¡Contratación exitosa!
        </h1>
        <p
          class="text-caption mb-24 text-center"
        >
           Póliza maestra nro.: 50157
        </p>
        <div
          aria-hidden="true"
          class="banner banner--secondary product-detail__banner  mb-24"
          role="banner"
        />
        <p
          class="text-caption mb-24 text-center"
        >
          Recuerda que estas cubierto desde este momento, si necesitas información de como usar el seguro ve a “ver información” o descarga la “guía de uso”
        </p>
        <div
          class="alert alert--info success-page__alert mb-16"
          role="alert"
          tabindex="-1"
        >
          <div
            aria-hidden="false"
            class="alert__content"
          >
            <p
              aria-label="Enviamos a tu correo el certificado del seguro"
              class="text-caption text-dark-gray-400"
            >
              Enviamos a tu correo el certificado
            </p>
          </div>
        </div>
        <div>
          <div
            aria-label="Seguro por robos y fraudes, cobertura total. Precio incluido impuesto"
            class="success-page__block"
          >
            <div
              aria-hidden="true"
              class="coverage-row success__row mt-2"
            >
              <div
                aria-hidden="true"
                class="coverage-row__label"
              >
                <p
                  class="text-caption"
                >
                  <strong>
                    Precio incluido impuestos
                  </strong>
                </p>
              </div>
              <div
                aria-hidden="true"
                class="coverage-row__value"
              >
                <p
                  class="text-caption"
                >
                  <strong>
                    $ 4,09
                  </strong>
                </p>
              </div>
            </div>
            <div
              aria-hidden="true"
              class="coverage-row success__row mt-2"
            >
              <div
                aria-hidden="true"
                class="coverage-row__label"
              >
                <p
                  class="text-caption"
                >
                  Seguro por robos y fraudes
                </p>
              </div>
              <div
                aria-hidden="true"
                class="coverage-row__value"
              >
                <p
                  class="text-caption"
                >
                  Cobertura Total
                </p>
              </div>
            </div>
            <div
              aria-hidden="true"
              class="coverage-row success__row mt-2"
            >
              <div
                aria-hidden="true"
                class="coverage-row__label"
              >
                <p
                  class="text-caption"
                >
                  Tarjeta de credito
                </p>
              </div>
              <div
                aria-hidden="true"
                class="coverage-row__value"
              >
                <p
                  class="text-caption"
                >
                  *******154
                </p>
              </div>
            </div>
            <div
              aria-hidden="true"
              class="coverage-row success__row mt-2"
            >
              <div
                aria-hidden="true"
                class="coverage-row__label"
              >
                <p
                  class="text-caption"
                >
                  Fecha de vencimiento
                </p>
              </div>
              <div
                aria-hidden="true"
                class="coverage-row__value"
              >
                <p
                  class="text-caption"
                >
                  Indefinido
                </p>
              </div>
            </div>
            <div
              aria-hidden="true"
              class="coverage-row success__row mt-2"
            >
              <div
                aria-hidden="true"
                class="coverage-row__label"
              >
                <p
                  class="text-caption"
                >
                  Fecha de contratación
                </p>
              </div>
              <div
                aria-hidden="true"
                class="coverage-row__value"
              >
                <p
                  class="text-caption"
                >
                  1 jul. 2025
                </p>
              </div>
            </div>
          </div>
        </div>
      </div>
      <button
        aria-label="Descargar guía de uso del Seguro"
        class="button button--primary download-use-guide"
        type="button"
      >
        Ver información del seguro
      </button>
      <section
        class="my-16"
      >
        <p
          class="text-body mb-8"
        >
          <strong>
            Para requerimientos o más información
          </strong>
        </p>
        <div
          class="success-page__actions"
        >
          <button
            aria-label="Llamar (02) 2999 999"
            class="button-save"
            type="button"
          >
            <div
              aria-hidden="true"
              class="button-save__icon"
            >
              <pichincha-icon
                aria-hidden="true"
                color="blue"
                size="24px"
                type="--outlined"
                weight_color="500"
              >
                call
              </pichincha-icon>
            </div>
            <span
              class="text-button button-save__text"
            >
              Llámanos al (02)2999 999
            </span>
            <div
              aria-hidden="true"
              class="button-save__icon button-save__icon--arrow"
            >
              <svg
                aria-hidden="true"
                fill="none"
                height="24"
                viewBox="0 0 24 24"
                width="24"
                xmlns="http://www.w3.org/2000/svg"
              >
                <path
                  d="M9.99997 6L8.58997 7.41L13.17 12L8.58997 16.59L9.99997 18L16 12L9.99997 6Z"
                  fill="#B7B7B9"
                />
              </svg>
            </div>
          </button>
          <span
            aria-hidden="true"
            class="divider mx-4"
          />
          <button
            aria-label="Descargar guía de uso"
            class="button-save"
            type="button"
          >
            <div
              aria-hidden="true"
              class="button-save__icon"
            >
              <pichincha-icon
                aria-hidden="true"
                color="blue"
                size="24px"
                type="--outlined"
                weight_color="500"
              >
                vertical_align_bottom
              </pichincha-icon>
            </div>
            <span
              class="text-button button-save__text"
            >
              Descargar guía de uso
            </span>
            <div
              aria-hidden="true"
              class="button-save__icon button-save__icon--arrow"
            >
              <svg
                aria-hidden="true"
                fill="none"
                height="24"
                viewBox="0 0 24 24"
                width="24"
                xmlns="http://www.w3.org/2000/svg"
              >
                <path
                  d="M9.99997 6L8.58997 7.41L13.17 12L8.58997 16.59L9.99997 18L16 12L9.99997 6Z"
                  fill="#B7B7B9"
                />
              </svg>
            </div>
          </button>
        </div>
      </section>
      <div
        class="success-page__content mb-24 px-16 pt-24 pb-16 bg-dark-grayish-blue-50"
      >
        <p
          class="text-body mb-8"
        >
          Información adicional:
        </p>
        <div
          class="more-info"
        >
          <div>
            <pichincha-icon
              aria-hidden="true"
              color="blue"
              size="24px"
              type="--outlined"
              weight_color="500"
            >
              check_circle
            </pichincha-icon>
          </div>
          <div
            class="more-info__content"
          >
            <p
              class="text-caption mb-8"
            >
              Puedes usar cada cobertura hasta dos veces al año o hasta alcanzar el monto máximo establecido.
            </p>
          </div>
        </div>
        <div
          class="more-info"
        >
          <div>
            <pichincha-icon
              aria-hidden="true"
              color="blue"
              size="24px"
              type="--outlined"
              weight_color="500"
            >
              check_circle
            </pichincha-icon>
          </div>
          <div
            class="more-info__content"
          >
            <p
              class="text-caption mb-8"
            >
              Recuerda: para usar tus coberturas, necesitas tener la denuncia registrada y legalizada en la Fiscalía General del Estado.
            </p>
          </div>
        </div>
      </div>
      <footer
        class="mt-auto"
      >
        <button
          class="button button--secondary"
          type="button"
        >
          Finalizar
        </button>
      </footer>
    </div>
  </div>
</body>
`;
