// Jest Snapshot v1, https://goo.gl/fbAQLP

exports[`<InsurancePage /> should render correctly 1`] = `
<div>
  <div
    class="insurance-page"
  >
    <div
      aria-hidden="false"
      class="banner banner--secondary insurance-page__banner -mx-24 -mt-24 pt-24"
      role="banner"
    />
    <div
      class="insurance-page__product-list"
    >
      <div
        class="product-card"
        data-testid="TU_BAN_PRO"
      >
        <div
          class="product-card__header"
        >
          <svg
            aria-hidden="true"
            fill="none"
            height="40"
            role="img"
            viewBox="0 0 56 56"
            width="40"
            xmlns="http://www.w3.org/2000/svg"
          >
            <g
              clip-path="url(#clip0_421_38098)"
            >
              <path
                d="M28 56C43.464 56 56 43.464 56 28C56 12.536 43.464 0 28 0C12.536 0 0 12.536 0 28C0 43.464 12.536 56 28 56Z"
                fill="#F4F6F9"
              />
              <path
                d="M28.1836 9.96582L42.3586 15.6796C42.695 15.8052 42.9845 16.0313 43.188 16.3272C43.3915 16.623 43.4991 16.9743 43.4961 17.3333V26.7221C43.4961 33.7221 40.0836 38.5521 34.4048 42.4721L28.1836 46.7158"
                fill="white"
              />
              <path
                d="M28.1837 9.96582L14.0086 15.6796C13.6723 15.8052 13.3827 16.0313 13.1793 16.3272C12.9758 16.623 12.8682 16.9743 12.8712 17.3333V26.7221C12.8712 33.7221 16.2837 38.5521 21.9624 42.4721L28.1837 46.7421"
                fill="white"
              />
              <path
                d="M42.5162 15.3036L28.3412 9.58984H28.2887H28.1837H28.0874H28.0262L13.8599 15.3036C13.4413 15.4597 13.0809 15.7406 12.8273 16.1084C12.5738 16.4763 12.4394 16.9131 12.4424 17.3598V26.7486C12.4424 33.3811 15.3912 38.4911 21.7174 42.8311L27.9387 47.1011C28.0028 47.1461 28.0791 47.1705 28.1575 47.1711C28.2358 47.1705 28.3121 47.1461 28.3762 47.1011L34.5974 42.8311C40.9237 38.4561 43.8724 33.3811 43.8724 26.7486V17.3598C43.8802 16.9203 43.7548 16.4887 43.5128 16.1217C43.2707 15.7547 42.9233 15.4695 42.5162 15.3036ZM43.0674 26.7486C43.0674 33.0748 40.2324 37.9573 34.1599 42.1223L28.1837 46.2173L22.2074 42.1223C16.1349 37.9573 13.2999 33.0748 13.2999 26.7486V17.3598C13.297 17.0861 13.3799 16.8182 13.5368 16.5939C13.6937 16.3695 13.9168 16.1998 14.1749 16.1086L28.1749 10.4561L42.1749 16.1086C42.4316 16.202 42.6533 16.3723 42.8099 16.5961C42.9664 16.82 43.0502 17.0867 43.0499 17.3598L43.0674 26.7486Z"
                fill="#0F265C"
              />
              <path
                d="M28.1836 33.2061C31.0831 33.2061 33.4336 30.8555 33.4336 27.9561C33.4336 25.0566 31.0831 22.7061 28.1836 22.7061C25.2841 22.7061 22.9336 25.0566 22.9336 27.9561C22.9336 30.8555 25.2841 33.2061 28.1836 33.2061Z"
                fill="#FFDD00"
              />
            </g>
            <defs>
              <clippath
                id="clip0_421_38098"
              >
                <rect
                  fill="white"
                  height="56"
                  width="56"
                />
              </clippath>
            </defs>
          </svg>
          <p
            aria-label="Seguro por Robos y Fraudes"
            class="text-body product-card__title"
          >
            Seguro por Robos y Fraudes
          </p>
        </div>
        <p
          aria-label="Suma una capa extra de protección para tus cuentas y tarjetas."
          class="text-caption my-16"
        >
           Suma una 
          <span
            class="font-semibold"
          >
            capa extra
          </span>
           de protección para tus cuentas y tarjetas.
        </p>
        <div
          class="product-card__header"
        >
          <p
            aria-label="Precio mensual "
            class="text-body product-card__price"
          >
            Precio mensual
          </p>
          <h2
            class="text-headline2 product-card__price"
          >
            $ 4,09
          </h2>
        </div>
        <div
          class="product-card__divider"
        />
        <div>
          <strong
            aria-label="Este seguro cubre"
          >
            Este seguro cubre:
          </strong>
          <ul
            class="product-card__coverage-list"
          >
            <li
              class="product-card__header my-16"
              data-testid="TU_BAN_PRO-BP_COBE177"
            >
              <div
                class="product-card__coverage-icon"
              >
                <svg
                  aria-hidden="true"
                  fill="none"
                  height="18"
                  role="img"
                  viewBox="0 0 18 18"
                  width="18"
                  xmlns="http://www.w3.org/2000/svg"
                >
                  <path
                    d="M5.99991 11.1701L1.82991 7.00009L0.409912 8.41009L5.99991 14.0001L17.9999 2.00009L16.5899 0.590088L5.99991 11.1701Z"
                    fill="#31A451"
                  />
                </svg>
              </div>
              <div>
                <p
                  aria-label="Hasta mil cuatrocientos dolaresal año por robos en cajeros o ventanillas"
                  class="text-caption"
                >
                  <strong>
                    Hasta $1.400 al año por 
                  </strong>
                  
robos en cajeros o ventanillas
                </p>
              </div>
            </li>
            <li
              class="product-card__header my-16"
              data-testid="TU_BAN_PRO-BP_COBE176"
            >
              <div
                class="product-card__coverage-icon"
              >
                <svg
                  aria-hidden="true"
                  fill="none"
                  height="18"
                  role="img"
                  viewBox="0 0 18 18"
                  width="18"
                  xmlns="http://www.w3.org/2000/svg"
                >
                  <path
                    d="M5.99991 11.1701L1.82991 7.00009L0.409912 8.41009L5.99991 14.0001L17.9999 2.00009L16.5899 0.590088L5.99991 11.1701Z"
                    fill="#31A451"
                  />
                </svg>
              </div>
              <div>
                <p
                  aria-label="Hsta diez mil dolares al año por cargos fraudulentos en tus cuentas"
                  class="text-caption"
                >
                  <strong>
                    Hasta $10.000 al año por 
                  </strong>
                  
cargos fraudulentos en tus cuentas
                </p>
              </div>
            </li>
            <li
              class="product-card__header my-16"
              data-testid="TU_BAN_PRO-BP_COBE178"
            >
              <div
                class="product-card__coverage-icon"
              >
                <svg
                  aria-hidden="true"
                  fill="none"
                  height="18"
                  role="img"
                  viewBox="0 0 18 18"
                  width="18"
                  xmlns="http://www.w3.org/2000/svg"
                >
                  <path
                    d="M5.99991 11.1701L1.82991 7.00009L0.409912 8.41009L5.99991 14.0001L17.9999 2.00009L16.5899 0.590088L5.99991 11.1701Z"
                    fill="#31A451"
                  />
                </svg>
              </div>
              <div>
                <p
                  aria-label="Protección desde el primer día garantizando el respaldo necesario"
                  class="text-caption"
                >
                  <strong>
                    Protección desde el primer día,  
                  </strong>
                  
garantizando el respaldo necesario
                </p>
              </div>
            </li>
          </ul>
        </div>
        <div
          class="product-card__divider"
        />
        <div>
          <button
            aria-label="Descubre qué incluye tu seguro"
            class="product-card__action"
            role="link"
            type="button"
          >
            Descubre qué incluye tu seguro
            <svg
              aria-hidden="true"
              fill="none"
              height="24"
              viewBox="0 0 24 24"
              width="24"
              xmlns="http://www.w3.org/2000/svg"
            >
              <path
                d="M9.99997 6L8.58997 7.41L13.17 12L8.58997 16.59L9.99997 18L16 12L9.99997 6Z"
                fill="#2F7ABF"
              />
            </svg>
          </button>
        </div>
      </div>
      <div
        class="product-card"
        data-testid="LIFE_HEALTH"
      >
        <div
          class="product-card__header"
        >
          <svg
            aria-hidden="true"
            fill="none"
            height="40"
            role="img"
            viewBox="0 0 40 40"
            width="40"
            xmlns="http://www.w3.org/2000/svg"
          >
            <g
              clip-path="url(#clip0_2991_17086)"
            >
              <path
                d="M20 40C31.0457 40 40 31.0457 40 20C40 8.9543 31.0457 0 20 0C8.9543 0 0 8.9543 0 20C0 31.0457 8.9543 40 20 40Z"
                fill="#F4F6F9"
              />
              <mask
                height="30"
                id="mask0_2991_17086"
                maskUnits="userSpaceOnUse"
                width="30"
                x="5"
                y="6"
              >
                <rect
                  fill="#D9D9D9"
                  height="30"
                  width="30"
                  x="5"
                  y="6"
                />
              </mask>
              <g
                mask="url(#mask0_2991_17086)"
              >
                <path
                  d="M25.625 9.6875C27.3733 9.6875 28.8344 10.2331 30.0303 11.3213L30.2656 11.5469C31.5036 12.7849 32.125 14.3225 32.125 16.1875C32.125 16.9885 32.0071 17.7742 31.7705 18.5459L31.6621 18.875C31.3556 19.7451 30.81 20.7173 30.0117 21.792C29.2137 22.8663 28.1327 24.0861 26.7656 25.4531C25.397 26.8218 23.6634 28.4528 21.5625 30.3457L20 31.7461L18.4375 30.3457C16.3366 28.4528 14.603 26.8218 13.2344 25.4531C11.8673 24.0861 10.7863 22.8663 9.98828 21.792C9.18998 20.7173 8.64441 19.7451 8.33789 18.875C8.02897 17.9979 7.875 17.1026 7.875 16.1875C7.875 14.4392 8.42063 12.9781 9.50879 11.7822L9.73438 11.5469C10.9724 10.3089 12.51 9.6875 14.375 9.6875C15.2749 9.6875 16.1354 9.85358 16.959 10.1865L17.3096 10.3398C18.2394 10.7751 19.0399 11.3878 19.7139 12.1807L20 12.5166L20.2861 12.1807C20.8759 11.4869 21.5621 10.9304 22.3477 10.5107L22.6904 10.3398C23.6197 9.90488 24.5965 9.6875 25.625 9.6875Z"
                  fill="white"
                  stroke="#0F265C"
                  stroke-width="0.75"
                />
              </g>
              <path
                d="M20.1313 23.7188C22.2024 23.7188 23.8813 22.0398 23.8813 19.9688C23.8813 17.8977 22.2024 16.2188 20.1313 16.2188C18.0603 16.2188 16.3813 17.8977 16.3813 19.9688C16.3813 22.0398 18.0603 23.7188 20.1313 23.7188Z"
                fill="#FFDD00"
              />
            </g>
            <defs>
              <clippath
                id="clip0_2991_17086"
              >
                <rect
                  fill="white"
                  height="56"
                  width="56"
                />
              </clippath>
            </defs>
          </svg>
          <p
            aria-label="Seguro de Vida más Salud"
            class="text-body product-card__title"
          >
            Seguro de Vida + Salud
          </p>
        </div>
        <p
          aria-label="Protege los sueños y metas de tu familia asegurando tu vida."
          class="text-caption my-16"
        >
          Protege los sueños y metas de tu familia asegurando tu 
          <span
            class="font-semibold"
          >
            vida.
          </span>
        </p>
        <div
          class="product-card__header"
        >
          <p
            aria-label=""
            class="text-body product-card__price"
          >
            Precio mensual desde:
          </p>
          <h2
            class="text-headline2 product-card__price"
          >
            $ 9,99
          </h2>
        </div>
        <div
          class="product-card__divider"
        />
        <div>
          <strong
            aria-label="Este seguro cubre:"
          >
            Este seguro cubre:
          </strong>
          <ul
            class="product-card__coverage-list"
          >
            <li
              class="product-card__header my-16"
              data-testid="LIFE_HEALTH-LH_COBE003"
            >
              <div
                class="product-card__coverage-icon"
              >
                <svg
                  aria-hidden="true"
                  fill="none"
                  height="18"
                  role="img"
                  viewBox="0 0 18 18"
                  width="18"
                  xmlns="http://www.w3.org/2000/svg"
                >
                  <path
                    d="M5.99991 11.1701L1.82991 7.00009L0.409912 8.41009L5.99991 14.0001L17.9999 2.00009L16.5899 0.590088L5.99991 11.1701Z"
                    fill="#31A451"
                  />
                </svg>
              </div>
              <div>
                <p
                  aria-label="Protección desde el primer día,  en caso de fallecimiento"
                  class="text-caption"
                >
                  <strong>
                    Protección desde el primer día,  
                  </strong>
                  
en caso de fallecimiento.
                </p>
              </div>
            </li>
            <li
              class="product-card__header my-16"
              data-testid="LIFE_HEALTH-LH_COBE002"
            >
              <div
                class="product-card__coverage-icon"
              >
                <svg
                  aria-hidden="true"
                  fill="none"
                  height="18"
                  role="img"
                  viewBox="0 0 18 18"
                  width="18"
                  xmlns="http://www.w3.org/2000/svg"
                >
                  <path
                    d="M5.99991 11.1701L1.82991 7.00009L0.409912 8.41009L5.99991 14.0001L17.9999 2.00009L16.5899 0.590088L5.99991 11.1701Z"
                    fill="#31A451"
                  />
                </svg>
              </div>
              <div>
                <p
                  aria-label="Consultas presenciales de medicina general y especialidades"
                  class="text-caption"
                >
                  <strong>
                    Consultas presenciales de 
                  </strong>
                  medicina general y especialidades
                </p>
              </div>
            </li>
            <li
              class="product-card__header my-16"
              data-testid="LIFE_HEALTH-LH_COBE001"
            >
              <div
                class="product-card__coverage-icon"
              >
                <svg
                  aria-hidden="true"
                  fill="none"
                  height="18"
                  role="img"
                  viewBox="0 0 18 18"
                  width="18"
                  xmlns="http://www.w3.org/2000/svg"
                >
                  <path
                    d="M5.99991 11.1701L1.82991 7.00009L0.409912 8.41009L5.99991 14.0001L17.9999 2.00009L16.5899 0.590088L5.99991 11.1701Z"
                    fill="#31A451"
                  />
                </svg>
              </div>
              <div>
                <p
                  aria-label="Hasta cuarenta mil doalres a beneficiarios de tu elección, si llegas a fallecer "
                  class="text-caption"
                >
                  <strong>
                    Hasta $40.000 a beneficiarios 
                  </strong>
                  
de tu elección, si llegas a fallecer
                </p>
              </div>
            </li>
          </ul>
        </div>
        <div
          class="product-card__divider"
        />
        <div>
          <button
            aria-label="Descubre qué incluye tu seguro"
            class="product-card__action"
            role="link"
            type="button"
          >
            Descubre qué incluye tu seguro
            <svg
              aria-hidden="true"
              fill="none"
              height="24"
              viewBox="0 0 24 24"
              width="24"
              xmlns="http://www.w3.org/2000/svg"
            >
              <path
                d="M9.99997 6L8.58997 7.41L13.17 12L8.58997 16.59L9.99997 18L16 12L9.99997 6Z"
                fill="#2F7ABF"
              />
            </svg>
          </button>
        </div>
      </div>
    </div>
  </div>
</div>
`;
