// Jest Snapshot v1, https://goo.gl/fbAQLP

exports[`<ProductDetailPage /> should render correctly 1`] = `
<div>
  <div
    class="product-detail"
  >
    <div
      aria-hidden="true"
      class="banner banner--secondary product-detail__banner -mt-24 -mx-24 mb-24"
      role="banner"
    />
    <h2
      aria-label="titleAria"
      class="text-headline2 product-detail__title mb-16"
    >
      title
    </h2>
    <p
      aria-label="descriptionAria"
      class="text-subtitle product-detail__description mb-24"
    >
      description
    </p>
    <section
      class="mb-24"
    >
      <ul
        class="product-detail__coverages"
      >
        <li
          aria-label="coverageAria1"
          class="coverage-item py-8"
        >
          <div
            aria-hidden="true"
            class="coverage-item__icon min-w-48 text-center"
          >
            <pichincha-icon
              color="blue"
              size="32px"
              type="--outlined"
              weight-color="500"
            >
              coverage1
            </pichincha-icon>
          </div>
          <div
            aria-hidden="true"
            class="coverage-item__content"
          >
            <header
              aria-hidden="true"
              class="coverage-item__header"
            >
              <p
                aria-hidden="true"
                class="text-body font-semibold"
              >
                coverageName1
              </p>
              <p
                aria-hidden="true"
                class="text-body mb-4"
              >
                coverageSubtitle1
              </p>
            </header>
            <div
              aria-hidden="true"
              class="coverage-item__description"
            >
              <p
                aria-hidden="true"
                class="text-body"
              >
                coverageDescription1
              </p>
            </div>
          </div>
        </li>
        <li
          aria-label="coverageAria2"
          class="coverage-item py-8"
        >
          <div
            aria-hidden="true"
            class="coverage-item__icon min-w-48 text-center"
          >
            <pichincha-icon
              color="blue"
              size="32px"
              type="--outlined"
              weight-color="500"
            >
              coverage2
            </pichincha-icon>
          </div>
          <div
            aria-hidden="true"
            class="coverage-item__content"
          >
            <header
              aria-hidden="true"
              class="coverage-item__header"
            >
              <p
                aria-hidden="true"
                class="text-body font-semibold"
              >
                coverageName2
              </p>
              <p
                aria-hidden="true"
                class="text-body mb-4"
              >
                coverageSubtitle2
              </p>
            </header>
            <div
              aria-hidden="true"
              class="coverage-item__description"
            >
              <p
                aria-hidden="true"
                class="text-body"
              >
                coverageDescription2
              </p>
            </div>
          </div>
        </li>
      </ul>
    </section>
    <div
      class="alert alert--info alert--icon mb-24"
      role="alert"
    >
      <div
        aria-hidden="true"
        class="alert__icon"
      >
        <pichincha-icon
          aria-hidden="true"
          color="info"
          size="24px"
          type="--round"
          weight_color="400"
        >
          info
        </pichincha-icon>
      </div>
      <div
        aria-hidden="false"
        class="alert__content"
      >
        <p
          class="text-caption text-dark-gray-400"
        >
          alertDescription
        </p>
        <a
          aria-label="alertActionAria"
          class="text-caption underline text-information-500 font-semibold cursor-pointer"
          href="#"
        >
          alertAction
        </a>
      </div>
    </div>
    <span
      aria-hidden="true"
      class="divider h-16 mb-24"
    />
    <section
      class="mb-48"
    >
      <h2
        aria-label="faqTitleAria"
        class="text-subtitle font-semibold mb-16"
      >
        faqTitle
      </h2>
      <ul
        class="faq__list"
      >
        <li
          class="accordion"
        >
          <button
            aria-controls=":r0:"
            aria-expanded="false"
            class="accordion__title"
            type="button"
          >
            <p
              class="text-body font-semibold"
            >
              faqTitle1
            </p>
            <div
              aria-hidden="true"
              class="accordion__arrow"
            >
              <svg
                aria-hidden="true"
                fill="none"
                height="24"
                viewBox="0 0 24 24"
                width="24"
                xmlns="http://www.w3.org/2000/svg"
              >
                <path
                  d="M7.41 8.59009L12 13.1701L16.59 8.59009L18 10.0001L12 16.0001L6 10.0001L7.41 8.59009Z"
                  fill="#0F265C"
                />
              </svg>
            </div>
          </button>
        </li>
        <li
          class="accordion"
        >
          <button
            aria-controls=":r1:"
            aria-expanded="false"
            class="accordion__title"
            type="button"
          >
            <p
              class="text-body font-semibold"
            >
              faqTitle2
            </p>
            <div
              aria-hidden="true"
              class="accordion__arrow"
            >
              <svg
                aria-hidden="true"
                fill="none"
                height="24"
                viewBox="0 0 24 24"
                width="24"
                xmlns="http://www.w3.org/2000/svg"
              >
                <path
                  d="M7.41 8.59009L12 13.1701L16.59 8.59009L18 10.0001L12 16.0001L6 10.0001L7.41 8.59009Z"
                  fill="#0F265C"
                />
              </svg>
            </div>
          </button>
        </li>
      </ul>
    </section>
    <div
      class="check-legal product-detail__disclaimer mb-24"
    >
      <div
        class="check-legal__checkbox"
      >
        <span
          class="inline-block"
        >
          <input
            aria-labelledby=":r2:"
            class="checkbox"
            type="checkbox"
            value="false"
          />
        </span>
        <label
          aria-hidden="true"
          class="text-legal check-legal__content"
          id=":r2:"
        >
          <span>
            legalDescription
          </span>
          <a
            class="text-legal underline font-semibold text-information-500 cursor-pointer"
            href="#"
            tabindex="0"
          >
            legalAction
          </a>
        </label>
      </div>
    </div>
    <button
      aria-label="Continuar"
      class="button button--primary mt-auto floating-button"
      disabled=""
      type="button"
    >
      Continuar
    </button>
  </div>
</div>
`;
